
==============================================================================
A. FILE STRUCTURE
==============================================================================
File          : Quantitative_data_20260905.csv
MD5           : d6ebeda431ba0319bc07649c7e954153
Rows          : 1,112
Columns       : 19
Encoding      : UTF-8 with BOM (utf-8-sig)
Year range    : 2005-2026
Country       : ['Nigeria']
World region  : ['Africa']

                   column                     stored_as  n_unique  n_dash  n_empty                  example
                     Year text (all fields read as str)        22       0        0                     2005
                 Semester text (all fields read as str)        42       0        0             Jul-Dec 2005
             World region text (all fields read as str)         1       0        0                   Africa
                  Country text (all fields read as str)         1       0        0                  Nigeria
  Administrative Division text (all fields read as str)        44       0        0                  Nigeria
                  Disease text (all fields read as str)         3       0        0 Rabies virus (Inf. with)
Serotype/Subtype/Genotype text (all fields read as str)         9       0      299                     H5N1
          Animal Category text (all fields read as str)         3       0        0   Both animal categories
                 Event_id text (all fields read as str)         2    1106        0                     3533
                  Species text (all fields read as str)        14       0      524                     Dogs
              Outbreak_id text (all fields read as str)         5    1108        0                   178211
            New outbreaks text (all fields read as str)        41     582        0                        1
              Susceptible text (all fields read as str)       297     576        0                        1
          Measuring units text (all fields read as str)         2     524        0                   Animal
                    Cases text (all fields read as str)       190     573        0                        1
   Killed and disposed of text (all fields read as str)       183     575        0                        1
              Slaughtered text (all fields read as str)        14     560        0                        0
                   Deaths text (all fields read as str)       199     552        0                        0
               Vaccinated text (all fields read as str)        25     670        0                        0

==============================================================================
A2. CATEGORICAL DOMAINS
==============================================================================

--- Disease: 3 distinct ---
Disease
Rabies virus (Inf. with)                                            566
High pathogenicity avian influenza viruses (Inf. with) (poultry)    436
Trypanosomosis (tsetse-transmitted) (-2021)                         110

--- Animal Category: 3 distinct ---
Animal Category
Domestic                  751
Both animal categories    357
Wild                        4

--- Species: 14 distinct ---
Species
(blank)                           524
Dogs                              259
Birds                             223
Cattle                             59
Cats                               20
Goats                              10
Sheep                               8
Swine                               3
Wildlife (species unspecified)      1
Crab-eating macaque                 1
Rabbits                             1
Cercopithecidae (unidentified)      1
Lion                                1
Equidae                             1

--- Serotype/Subtype/Genotype: 9 distinct ---
Serotype/Subtype/Genotype
H5N1              422
RABV              345
(blank)           299
not typed          29
H5N8                9
RABV;not typed      3
H5 (N untyped)      2
H5N1;H5N8           2
H5N6                1

--- Measuring units: 2 distinct ---
Measuring units
Animal    588
-         524

--- Semester: 42 distinct ---
Semester
Jul-Dec 2021    82
Jan-Jun 2022    73
Jan-Jun 2021    57
Jul-Dec 2022    53
Jul-Dec 2023    44
Jan-Jun 2025    44
Jan-Jun 2016    38
Jul-Dec 2024    38
Jan-Jun 2006    37
Jan-Jun 2024    37
Jan-Jun 2007    36
Jul-Dec 2015    36
Jul-Dec 2025    36
Jul-Dec 2019    33
Jul-Dec 2020    31
Jan-Jun 2015    30
Jan-Jun 2020    29
Jan-Jun 2017    28
Jan-Jun 2023    28
Jul-Dec 2006    24
Jan-Jun 2008    24
Jul-Dec 2008    23
Jul-Dec 2007    20
Jan-Jun 2009    20
Jul-Dec 2012    20
Jan-Jun 2013    20
Jul-Dec 2017    18
Jul-Dec 2018    18
Jan-Jun 2019    18
Jul-Dec 2016    17
Jul-Dec 2009    16
Jan-Jun 2018    15
Jan-Jun 2011    13
Jan-Jun 2010    10
Jan-Jun 2012    10
Jul-Dec 2013     8
Jul-Dec 2010     6
Jan-Jun 2014     6
Jul-Dec 2014     6
Jan-Jun 2026     6
Jul-Dec 2005     2
Jan-Jun 2005     2

--- Event_id / Outbreak_id coverage ---
Event_id: populated on 6/1112 rows (0.5%); distinct ids = 1
Outbreak_id: populated on 4/1112 rows (0.4%); distinct ids = 4

=> Both identifier fields are effectively empty. Event/outbreak linkage
   CANNOT be reconstructed from ids; it must be inferred from the
   Year x Semester x Location x Disease x Serotype reporting block.

==============================================================================
B. MISSINGNESS (raw file, all 1,112 rows)
==============================================================================
                 variable  n_rows  n_dash  pct_dash  n_empty_string  n_true_null  n_zero  n_positive
            New outbreaks    1112     582      52.3               0            0     0.0       530.0
              Susceptible    1112     576      51.8               0            0     0.0       536.0
                    Cases    1112     573      51.5               0            0     1.0       538.0
   Killed and disposed of    1112     575      51.7               0            0   164.0       373.0
              Slaughtered    1112     560      50.4               0            0   533.0        19.0
                   Deaths    1112     552      49.6               0            0   162.0       398.0
               Vaccinated    1112     670      60.3               0            0   415.0        27.0
  Administrative Division    1112       0       0.0               0            0     NaN         NaN
                  Disease    1112       0       0.0               0            0     NaN         NaN
          Animal Category    1112       0       0.0               0            0     NaN         NaN
                  Species    1112       0       0.0             524            0     NaN         NaN
Serotype/Subtype/Genotype    1112       0       0.0             299            0     NaN         NaN
                 Event_id    1112    1106      99.5               0            0     NaN         NaN
              Outbreak_id    1112    1108      99.6               0            0     NaN         NaN

NOTE: there are ZERO true nulls and ZERO empty strings in the seven count
columns. Every non-integer entry is the literal sentinel '-'. '-' and '0'
are therefore distinct encodings and are kept distinct: '-' = not reported,
'0' = reported as none. 'New outbreaks' never takes the value 0 anywhere in
the file, which confirms the two are not interchangeable.

==============================================================================
B2. MISSINGNESS BY ROW TYPE
==============================================================================

--- outbreak_row (n=524) ---
                        n_dash  pct_dash  n_zero  n_positive
New outbreaks                0       0.0       0         524
Susceptible                524     100.0       0           0
Cases                      524     100.0       0           0
Killed and disposed of     524     100.0       0           0
Slaughtered                524     100.0       0           0
Deaths                     524     100.0       0           0
Vaccinated                 524     100.0       0           0

--- animal_row (n=588) ---
                        n_dash  pct_dash  n_zero  n_positive
New outbreaks              582      99.0       0           6
Susceptible                 52       8.8       0         536
Cases                       49       8.3       1         538
Killed and disposed of      51       8.7     164         373
Slaughtered                 36       6.1     533          19
Deaths                      28       4.8     162         398
Vaccinated                 146      24.8     415          27

==============================================================================
C. DUPLICATE ASSESSMENT (no rows are deleted)
==============================================================================
C1. Exact duplicate rows (all 19 columns identical): 0

C2. Reporting blocks (Year x Semester x Location x Disease x Serotype): 539
    Outbreak (header) rows per block:
n_outbreak_rows
0     15
1    524
    Animal (detail) rows per block:
n_animal_rows
1    495
2     39
3      5

=> No block ever carries two header rows, so 'New outbreaks' is never
   repeated within a block. Repeated Disease/Location/Year combinations
   arise from (a) the two semesters of a year, (b) multiple species or
   animal categories inside one block, and (c) two blocks distinguished
   only by virus subtype. None of these is a duplicated outbreak count.

C3. Blocks with animal counts but NO outbreak row (header-less blocks):
                                                                                                                           n_rows  n_outbreak_rows  n_animal_rows
year Semester     location_raw Disease                                                          Serotype/Subtype/Genotype                                        
2013 Jan-Jun 2013 Bauchi       Rabies virus (Inf. with)                                         not typed                       2                0              2
2016 Jul-Dec 2016 Kano         High pathogenicity avian influenza viruses (Inf. with) (poultry) H5N8                            1                0              1
2017 Jan-Jun 2017 Rivers       High pathogenicity avian influenza viruses (Inf. with) (poultry) H5N1                            1                0              1
     Jul-Dec 2017 Bauchi       High pathogenicity avian influenza viruses (Inf. with) (poultry) H5N1                            1                0              1
                  Rivers       High pathogenicity avian influenza viruses (Inf. with) (poultry) H5N1                            1                0              1
2019 Jul-Dec 2019 Sokoto       High pathogenicity avian influenza viruses (Inf. with) (poultry) H5N6                            1                0              1
2023 Jan-Jun 2023 Gombe        Rabies virus (Inf. with)                                                                         1                0              1
2024 Jul-Dec 2024 Delta        Rabies virus (Inf. with)                                         RABV                            1                0              1
                  Kano         Rabies virus (Inf. with)                                         RABV                            1                0              1
2026 Jan-Jun 2026 Batagarawa   High pathogenicity avian influenza viruses (Inf. with) (poultry) H5N1                            1                0              1
                  Bauchi       High pathogenicity avian influenza viruses (Inf. with) (poultry) H5N1                            1                0              1
                  Gwale        High pathogenicity avian influenza viruses (Inf. with) (poultry) H5N1                            1                0              1
                  Jos North    High pathogenicity avian influenza viruses (Inf. with) (poultry) H5N1                            1                0              1
                  Toro         High pathogenicity avian influenza viruses (Inf. with) (poultry) H5N1                            1                0              1
                  Ungogo       High pathogenicity avian influenza viruses (Inf. with) (poultry) H5N1                            1                0              1

=> These are six-monthly follow-up reports on animals affected by
   previously notified events with no NEW outbreak in that semester.
   They must NOT be imputed as 'New outbreaks = 0' nor dropped: they
   carry valid animal-level data.

C4. Year x Semester x Location x Disease strata split across TWO blocks by subtype:

 year     Semester location_raw disease Serotype/Subtype/Genotype        Animal Category Species  new_outbreaks  cases  deaths
 2012 Jul-Dec 2012       Bauchi  Rabies                 not typed Both animal categories                    2.0    NaN     NaN
 2012 Jul-Dec 2012       Bauchi  Rabies                 not typed               Domestic    Dogs            NaN 1575.0    78.0
 2012 Jul-Dec 2012       Bauchi  Rabies                 not typed               Domestic  Cattle            NaN    NaN     NaN
 2012 Jul-Dec 2012       Bauchi  Rabies            RABV;not typed Both animal categories                    2.0    NaN     NaN
 2012 Jul-Dec 2012       Bauchi  Rabies            RABV;not typed               Domestic  Cattle            NaN    6.0     2.0
 2012 Jul-Dec 2012       Bauchi  Rabies            RABV;not typed               Domestic    Dogs            NaN    1.0     0.0

 year     Semester location_raw disease Serotype/Subtype/Genotype        Animal Category Species  new_outbreaks  cases  deaths
 2016 Jul-Dec 2016         Kano    HPAI                 H5N1;H5N8 Both animal categories                    1.0    NaN     NaN
 2016 Jul-Dec 2016         Kano    HPAI                 H5N1;H5N8               Domestic   Birds            NaN   33.0    33.0
 2016 Jul-Dec 2016         Kano    HPAI                      H5N8               Domestic   Birds            NaN    NaN     NaN

 year     Semester location_raw disease Serotype/Subtype/Genotype        Animal Category Species  new_outbreaks  cases  deaths
 2017 Jan-Jun 2017         Kano    HPAI                      H5N1 Both animal categories                    1.0    NaN     NaN
 2017 Jan-Jun 2017         Kano    HPAI                      H5N1               Domestic   Birds            NaN  800.0   800.0
 2017 Jan-Jun 2017         Kano    HPAI                      H5N8 Both animal categories                    1.0    NaN     NaN
 2017 Jan-Jun 2017         Kano    HPAI                      H5N8               Domestic   Birds            NaN    4.0     0.0

 year     Semester location_raw disease Serotype/Subtype/Genotype        Animal Category Species  new_outbreaks  cases  deaths
 2023 Jan-Jun 2023        Gombe  Rabies                                         Domestic    Dogs            NaN    2.0     0.0
 2023 Jan-Jun 2023        Gombe  Rabies                      RABV Both animal categories                    7.0    NaN     NaN
 2023 Jan-Jun 2023        Gombe  Rabies                      RABV               Domestic    Dogs            NaN    7.0     0.0

==============================================================================
PHASE 2. WAHIS ROW STRUCTURE
==============================================================================
Cross-tabulation: Species blank  x  'New outbreaks' populated
new_outbreaks  False  True 
species_blank              
False            582      6
True               0    524

Cross-tabulation: 'New outbreaks' populated  x  any animal count populated
col_0          False  True 
new_outbreaks              
False             18    564
True             524      6

Cross-tabulation: Measuring units x Species blank
species_blank    False  True 
Measuring units              
-                    0    524
Animal             588      0

Rows carrying BOTH an outbreak count and animal counts: 6
 year location_raw disease Animal Category Species Event_id Outbreak_id  new_outbreaks  susceptible   cases  deaths
 2026   Batagarawa    HPAI        Domestic   Birds     3533      178211            1.0       3000.0  3000.0   565.0
 2026       Bauchi    HPAI        Domestic   Birds     3533      192114            1.0       1400.0  1400.0   560.0
 2026        Gwale    HPAI        Domestic   Birds     3533      178210            1.0         97.0    97.0    25.0
 2026    Jos North    HPAI        Domestic   Birds     3533           -            2.0        950.0   890.0    94.0
 2026         Toro    HPAI        Domestic   Birds     3533           -            3.0      21400.0 21400.0  7724.0
 2026       Ungogo    HPAI        Domestic   Birds     3533      179492            1.0        350.0   340.0    40.0

=> All such rows fall in 2026, carry Event_id/Outbreak_id, and reflect the
   post-relaunch WAHIS export format (one row per outbreak, ADM2 location).
   None falls inside the 2006-2023 study period.

Worked example of the pre-2024 block structure (Bauchi, Jul-Dec 2012, rabies):
    Semester Serotype/Subtype/Genotype        Animal Category Species     row_type  new_outbreaks  susceptible  cases  deaths
Jul-Dec 2012                 not typed Both animal categories         outbreak_row            2.0          NaN    NaN     NaN
Jul-Dec 2012                 not typed               Domestic    Dogs   animal_row            NaN       1575.0 1575.0    78.0
Jul-Dec 2012                 not typed               Domestic  Cattle   animal_row            NaN          NaN    NaN     NaN
Jul-Dec 2012            RABV;not typed Both animal categories         outbreak_row            2.0          NaN    NaN     NaN
Jul-Dec 2012            RABV;not typed               Domestic  Cattle   animal_row            NaN         31.0    6.0     2.0
Jul-Dec 2012            RABV;not typed               Domestic    Dogs   animal_row            NaN          NaN    1.0     0.0

=> The outbreak count (2 + 2) sits ONLY on the two header rows; the four
   species rows carry animal counts and '-' for New outbreaks. Summing the
   'New outbreaks' column over every row therefore does NOT double-count,
   because detail rows contribute NaN, not a repeated total. Summing
   animal counts over every row likewise does not double-count, because
   header rows contribute NaN. The real hazard is the opposite one:
   converting '-' to 0 before aggregating, which would fabricate zeros.

Header-row 'Animal Category' label by year (reporting-format change):
Animal Category  Both animal categories  Domestic
year                                             
2005                                  2         0
2006                                 30         0
2007                                 28         0
2008                                 23         0
2009                                 18         0
2010                                  8         0
2011                                  6         0
2012                                 14         0
2013                                 12         0
2014                                  6         0
2015                                 33         0
2016                                 27         0
2017                                 21         0
2018                                 16         0
2019                                 24         0
2020                                 16        11
2021                                 22        44
2022                                 28        31
2023                                 23         9
2024                                  0        35
2025                                  0        37

=> Before 2020 the header is always labelled 'Both animal categories';
   from 2020 a 'Domestic'-labelled header appears and from 2024 it is the
   only form. Row type must therefore be identified by a blank Species
   field, NOT by the Animal Category label.

==============================================================================
PHASE 3. GEOGRAPHIC STRUCTURE
==============================================================================
Administrative Division values by inferred level:
                                     n_rows  first_year  last_year
geo_level location_raw                                            
national  Nigeria                         6        2005       2014
state     Plateau                        96        2006       2025
          Bauchi                         87        2006       2026
          Kano                           79        2006       2025
          Kaduna                         71        2006       2025
          Gombe                          50        2007       2025
          Niger                          45        2008       2024
          Federal Capital Territory      40        2006       2025
          Delta                          33        2006       2024
          Ogun                           32        2006       2025
          Osun                           32        2006       2025
          Lagos                          30        2006       2023
          Benue                          28        2006       2025
          Kebbi                          28        2008       2025
          Jigawa                         26        2006       2025
          Katsina                        26        2006       2025
          Oyo                            26        2006       2022
          Kwara                          25        2006       2025
          Anambra                        24        2006       2024
          Edo                            24        2007       2022
          Zamfara                        24        2007       2025
          Adamawa                        22        2007       2025
          Nasarawa                       22        2006       2018
          Bayelsa                        20        2015       2022
          Ekiti                          20        2007       2023
          Enugu                          20        2007       2022
          Taraba                         20        2006       2025
          Ebonyi                         19        2011       2024
          Rivers                         16        2006       2023
          Borno                          14        2006       2025
          Cross River                    14        2011       2025
          Ondo                           14        2008       2023
          Yobe                           14        2006       2025
          Sokoto                         13        2007       2025
          Imo                            12        2010       2025
          Kogi                           12        2012       2023
          Akwa Ibom                       9        2020       2024
          Abia                            8        2015       2025
          Nassarawa                       6        2021       2022
sub_state Batagarawa                      1        2026       2026
          Gwale                           1        2026       2026
          Jos North                       1        2026       2026
          Toro                            1        2026       2026
          Ungogo                          1        2026       2026

ADM1 reference list has 37 units (36 states + FCT).
ADM1 units absent from the whole extract: []
Labels that are neither ADM1 nor 'Nigeria': ['Batagarawa', 'Gwale', 'Jos North', 'Nassarawa', 'Toro', 'Ungogo']

National ('Nigeria') rows in the full extract:
 year     Semester disease        Animal Category Species     row_type  new_outbreaks  susceptible  cases  deaths
 2005 Jul-Dec 2005  Rabies Both animal categories         outbreak_row            1.0          NaN    NaN     NaN
 2005 Jul-Dec 2005  Rabies               Domestic    Dogs   animal_row            NaN          1.0    1.0     0.0
 2005 Jan-Jun 2005  Rabies Both animal categories         outbreak_row            2.0          NaN    NaN     NaN
 2005 Jan-Jun 2005  Rabies               Domestic    Dogs   animal_row            NaN          4.0    4.0     2.0
 2014 Jul-Dec 2014    HPAI Both animal categories         outbreak_row            1.0          NaN    NaN     NaN
 2014 Jul-Dec 2014    HPAI               Domestic   Birds   animal_row            NaN      50000.0 3300.0  3300.0

=> 'Nigeria' rows are structurally identical to state rows (same header +
   detail block) but carry no subnational location. They are country-level
   reports where no state was specified -- NOT a national total that
   aggregates the state rows. They must still be excluded from state
   rankings, because they cannot be assigned to a state.

Sub-state (ADM2 / LGA) labels:
 year     Semester location_raw disease Event_id Outbreak_id  new_outbreaks   cases  deaths
 2026 Jan-Jun 2026   Batagarawa    HPAI     3533      178211            1.0  3000.0   565.0
 2026 Jan-Jun 2026        Gwale    HPAI     3533      178210            1.0    97.0    25.0
 2026 Jan-Jun 2026    Jos North    HPAI     3533           -            2.0   890.0    94.0
 2026 Jan-Jun 2026         Toro    HPAI     3533           -            3.0 21400.0  7724.0
 2026 Jan-Jun 2026       Ungogo    HPAI     3533      179492            1.0   340.0    40.0

=> Batagarawa (Katsina), Gwale and Ungogo (Kano), Jos North (Plateau) and
   Toro (Bauchi) are Local Government Areas, not states. They appear only
   in Jan-Jun 2026, i.e. entirely outside the study period. They are
   flagged, not remapped: rolling them up to their parent state would mix
   two geographic grains.

==============================================================================
PHASE 3b. EVIDENCE FOR THE ONE LOCATION RECODE (Nassarawa -> Nasarawa)
==============================================================================
location_raw                      Nasarawa  Nassarawa
year Semester     disease                            
2006 Jan-Jun 2006 HPAI                   2          0
     Jul-Dec 2006 HPAI                   2          0
2007 Jan-Jun 2007 HPAI                   2          0
     Jul-Dec 2007 HPAI                   2          0
2008 Jan-Jun 2008 Trypanosomosis         2          0
2009 Jul-Dec 2009 Trypanosomosis         2          0
2015 Jan-Jun 2015 HPAI                   2          0
     Jul-Dec 2015 HPAI                   2          0
2016 Jan-Jun 2016 HPAI                   2          0
2017 Jan-Jun 2017 HPAI                   2          0
2018 Jan-Jun 2018 HPAI                   2          0
2021 Jan-Jun 2021 HPAI                   0          2
2022 Jan-Jun 2022 HPAI                   0          2
                  Rabies                 0          2

Strata where BOTH spellings appear: 0
'Nasarawa' years : [np.int64(2006), np.int64(2007), np.int64(2008), np.int64(2009), np.int64(2015), np.int64(2016), np.int64(2017), np.int64(2018)]
'Nassarawa' years: [np.int64(2021), np.int64(2022)]

=> The two spellings never co-occur and their year ranges are disjoint
   either side of the 2021 WAHIS relaunch. Both carry state-grain blocks.
   This is a label change for one state, not two places, so the single
   recode Nassarawa -> Nasarawa is applied. 03_descriptive.py reports a
   sensitivity analysis in which the recode is withheld.

==============================================================================
D. INTERNAL CONSISTENCY OF THE ANIMAL-COUNT FIELDS
==============================================================================
                             check  comparable_rows  violations  pct
               Cases > Susceptible              508           4  0.8
                    Deaths > Cases              532           5  0.9
              Deaths > Susceptible              529           4  0.8
      Killed & disposed of > Cases              530          65 12.3
Killed & disposed of > Susceptible              508           1  0.2

=> 'Killed and disposed of' exceeds 'Cases' on 12% of comparable rows.
   That is expected, not an error: culling removes healthy in-contact
   birds as a CONTROL measure. It is a response indicator, not a measure
   of disease. The small number of Cases>Susceptible and Deaths>Cases
   violations are genuine source-data inconsistencies and are retained
   and flagged rather than corrected.

==============================================================================
AUDIT COMPLETE
==============================================================================
Audit tables written to /home/user/hellojibriva/wahis-nigeria-zoonoses/outputs/tables
